{
    "f1": 122,
    "f2": 110,
    "f3": 94,
    "f4": 63,
    "f5": 26,
    "f6": 4
}