{
    "directed": true,
    "multigraph": false,
    "graph": {},
    "nodes": [
        {
            "label": "a",
            "token_type": "FUNCTOR",
            "id": 0
        },
        {
            "label": "&",
            "token_type": "AND_CONNECTIVE",
            "id": 1
        },
        {
            "label": "|",
            "token_type": "VLINE",
            "id": 2
        }
    ],
    "links": [
        {
            "source": 1,
            "target": 2
        },
        {
            "source": 2,
            "target": 0
        }
    ]
}