{
    "directed": true,
    "multigraph": false,
    "graph": {},
    "nodes": [
        {
            "label": "&",
            "token_type": "AND_CONNECTIVE",
            "id": 0
        },
        {
            "label": "|",
            "token_type": "VLINE",
            "id": 2
        },
        {
            "label": "a",
            "token_type": "FUNCTOR",
            "id": 4
        },
        {
            "label": "b",
            "token_type": "FUNCTOR",
            "id": 5
        },
        {
            "label": "c",
            "token_type": "FUNCTOR",
            "id": 6
        },
        {
            "label": "|",
            "token_type": "VLINE",
            "id": 7
        },
        {
            "label": "b",
            "token_type": "FUNCTOR",
            "id": 9
        },
        {
            "label": "a",
            "token_type": "FUNCTOR",
            "id": 10
        },
        {
            "label": "c",
            "token_type": "FUNCTOR",
            "id": 11
        },
        {
            "label": "|",
            "token_type": "VLINE",
            "id": 12
        },
        {
            "label": "~test",
            "token_type": "FUNCTOR",
            "id": 15
        },
        {
            "label": "c",
            "token_type": "FUNCTOR",
            "id": 16
        },
        {
            "label": "~test",
            "token_type": "FUNCTOR",
            "id": 18
        },
        {
            "label": "a",
            "token_type": "FUNCTOR",
            "id": 19
        },
        {
            "label": "~test",
            "token_type": "FUNCTOR",
            "id": 21
        },
        {
            "label": "b",
            "token_type": "FUNCTOR",
            "id": 22
        },
        {
            "label": "FUNCTOR",
            "token_type": "coordinate",
            "id": 23
        },
        {
            "label": "FUNCTOR",
            "token_type": "coordinate",
            "id": 24
        },
        {
            "label": "FUNCTOR",
            "token_type": "coordinate",
            "id": 25
        },
        {
            "label": "FUNCTOR",
            "token_type": "coordinate",
            "id": 26
        }
    ],
    "links": [
        {
            "source": 0,
            "target": 12
        },
        {
            "source": 0,
            "target": 2
        },
        {
            "source": 0,
            "target": 7
        },
        {
            "source": 2,
            "target": 6
        },
        {
            "source": 2,
            "target": 4
        },
        {
            "source": 2,
            "target": 5
        },
        {
            "source": 4,
            "target": 23
        },
        {
            "source": 5,
            "target": 24
        },
        {
            "source": 6,
            "target": 25
        },
        {
            "source": 7,
            "target": 11
        },
        {
            "source": 7,
            "target": 9
        },
        {
            "source": 7,
            "target": 10
        },
        {
            "source": 9,
            "target": 24
        },
        {
            "source": 10,
            "target": 23
        },
        {
            "source": 11,
            "target": 25
        },
        {
            "source": 12,
            "target": 21
        },
        {
            "source": 12,
            "target": 15
        },
        {
            "source": 12,
            "target": 18
        },
        {
            "source": 15,
            "target": 16
        },
        {
            "source": 15,
            "target": 26
        },
        {
            "source": 16,
            "target": 25
        },
        {
            "source": 18,
            "target": 19
        },
        {
            "source": 18,
            "target": 26
        },
        {
            "source": 19,
            "target": 23
        },
        {
            "source": 21,
            "target": 22
        },
        {
            "source": 21,
            "target": 26
        },
        {
            "source": 22,
            "target": 24
        }
    ]
}