{
    "directed": true,
    "multigraph": false,
    "graph": {},
    "nodes": [
        {
            "label": "&",
            "token_type": "AND_CONNECTIVE",
            "id": 0
        },
        {
            "label": "&",
            "token_type": "AND_CONNECTIVE",
            "id": 1
        },
        {
            "label": "a",
            "token_type": "FUNCTOR",
            "id": 2
        },
        {
            "label": "b",
            "token_type": "FUNCTOR",
            "id": 3
        },
        {
            "label": "c",
            "token_type": "FUNCTOR",
            "id": 4
        }
    ],
    "links": [
        {
            "source": 0,
            "target": 1
        },
        {
            "source": 0,
            "target": 4
        },
        {
            "source": 1,
            "target": 2
        },
        {
            "source": 1,
            "target": 3
        }
    ]
}